// Jest Snapshot v1, https://jestjs.io/docs/snapshot-testing

exports[`App Navigation matches snapshot 1`] = `null`;
